2025-08-26 17:45:24 [ERROR]: error: relation "task" does not exist
    at D:\LES\express\node_modules\pg-pool\index.js:45:11
    at process.processTicksAndRejections (node:internal/process/task_queues:105:5)
    at async M_getAllToDo (file:///D:/LES/express/src/api/todolist/todolist.model.js:18:17)
    at async S_getAllToDo (file:///D:/LES/express/src/api/todolist/todolist.service.js:15:18)
    at async C_getAllToDo (file:///D:/LES/express/src/api/todolist/todolist.controller.js:15:18)
2025-08-26 17:54:32 [ERROR]: error: relation "task" does not exist
    at D:\LES\express\node_modules\pg-pool\index.js:45:11
    at process.processTicksAndRejections (node:internal/process/task_queues:105:5)
    at async M_getAllToDo (file:///D:/LES/express/src/api/todolist/todolist.model.js:18:17)
    at async S_getAllToDo (file:///D:/LES/express/src/api/todolist/todolist.service.js:15:18)
    at async C_getAllToDo (file:///D:/LES/express/src/api/todolist/todolist.controller.js:15:18)
2025-08-26 17:54:55 [ERROR]: error: relation "task" does not exist
    at D:\LES\express\node_modules\pg-pool\index.js:45:11
    at process.processTicksAndRejections (node:internal/process/task_queues:105:5)
    at async M_getAllToDo (file:///D:/LES/express/src/api/todolist/todolist.model.js:18:17)
    at async S_getAllToDo (file:///D:/LES/express/src/api/todolist/todolist.service.js:15:18)
    at async C_getAllToDo (file:///D:/LES/express/src/api/todolist/todolist.controller.js:15:18)
2025-08-26 17:55:20 [ERROR]: error: relation "task" does not exist
    at D:\LES\express\node_modules\pg-pool\index.js:45:11
    at process.processTicksAndRejections (node:internal/process/task_queues:105:5)
    at async M_getAllToDo (file:///D:/LES/express/src/api/todolist/todolist.model.js:18:17)
    at async S_getAllToDo (file:///D:/LES/express/src/api/todolist/todolist.service.js:15:18)
    at async C_getAllToDo (file:///D:/LES/express/src/api/todolist/todolist.controller.js:15:18)
2025-08-26 17:57:27 [ERROR]: error: relation "task" does not exist
    at D:\LES\express\node_modules\pg-pool\index.js:45:11
    at process.processTicksAndRejections (node:internal/process/task_queues:105:5)
    at async M_getAllToDo (file:///D:/LES/express/src/api/todolist/todolist.model.js:18:17)
    at async S_getAllToDo (file:///D:/LES/express/src/api/todolist/todolist.service.js:15:18)
    at async C_getAllToDo (file:///D:/LES/express/src/api/todolist/todolist.controller.js:15:18)
2025-08-26 17:58:56 [ERROR]: error: relation "task" does not exist
    at D:\LES\express\node_modules\pg-pool\index.js:45:11
    at process.processTicksAndRejections (node:internal/process/task_queues:105:5)
    at async M_getAllToDo (file:///D:/LES/express/src/api/todolist/todolist.model.js:18:17)
    at async S_getAllToDo (file:///D:/LES/express/src/api/todolist/todolist.service.js:15:18)
    at async C_getAllToDo (file:///D:/LES/express/src/api/todolist/todolist.controller.js:15:18)
2025-08-26 17:58:57 [ERROR]: error: relation "task" does not exist
    at D:\LES\express\node_modules\pg-pool\index.js:45:11
    at process.processTicksAndRejections (node:internal/process/task_queues:105:5)
    at async M_getAllToDo (file:///D:/LES/express/src/api/todolist/todolist.model.js:18:17)
    at async S_getAllToDo (file:///D:/LES/express/src/api/todolist/todolist.service.js:15:18)
    at async C_getAllToDo (file:///D:/LES/express/src/api/todolist/todolist.controller.js:15:18)
2025-08-26 18:00:02 [ERROR]: Error: Not allowed by CORS
    at origin (file:///D:/LES/express/src/app.js:21:23)
    at D:\LES\express\node_modules\cors\lib\index.js:219:13
    at optionsCallback (D:\LES\express\node_modules\cors\lib\index.js:199:9)
    at corsMiddleware (D:\LES\express\node_modules\cors\lib\index.js:204:7)
    at Layer.handleRequest (D:\LES\express\node_modules\router\lib\layer.js:152:17)
    at trimPrefix (D:\LES\express\node_modules\router\index.js:342:13)
    at D:\LES\express\node_modules\router\index.js:297:9
    at processParams (D:\LES\express\node_modules\router\index.js:582:12)
    at next (D:\LES\express\node_modules\router\index.js:291:5)
    at jsonParser (D:\LES\express\node_modules\body-parser\lib\types\json.js:100:7)
2025-08-26 18:01:55 [ERROR]: Error: Not allowed by CORS
    at origin (file:///D:/LES/express/src/app.js:21:23)
    at D:\LES\express\node_modules\cors\lib\index.js:219:13
    at optionsCallback (D:\LES\express\node_modules\cors\lib\index.js:199:9)
    at corsMiddleware (D:\LES\express\node_modules\cors\lib\index.js:204:7)
    at Layer.handleRequest (D:\LES\express\node_modules\router\lib\layer.js:152:17)
    at trimPrefix (D:\LES\express\node_modules\router\index.js:342:13)
    at D:\LES\express\node_modules\router\index.js:297:9
    at processParams (D:\LES\express\node_modules\router\index.js:582:12)
    at next (D:\LES\express\node_modules\router\index.js:291:5)
    at jsonParser (D:\LES\express\node_modules\body-parser\lib\types\json.js:100:7)
2025-08-26 18:31:56 [ERROR]: Error: Not allowed by CORS
    at origin (file:///D:/LES/express/src/app.js:21:23)
    at D:\LES\express\node_modules\cors\lib\index.js:219:13
    at optionsCallback (D:\LES\express\node_modules\cors\lib\index.js:199:9)
    at corsMiddleware (D:\LES\express\node_modules\cors\lib\index.js:204:7)
    at Layer.handleRequest (D:\LES\express\node_modules\router\lib\layer.js:152:17)
    at trimPrefix (D:\LES\express\node_modules\router\index.js:342:13)
    at D:\LES\express\node_modules\router\index.js:297:9
    at processParams (D:\LES\express\node_modules\router\index.js:582:12)
    at next (D:\LES\express\node_modules\router\index.js:291:5)
    at jsonParser (D:\LES\express\node_modules\body-parser\lib\types\json.js:100:7)
2025-08-26 18:32:03 [ERROR]: Error: Not allowed by CORS
    at origin (file:///D:/LES/express/src/app.js:21:23)
    at D:\LES\express\node_modules\cors\lib\index.js:219:13
    at optionsCallback (D:\LES\express\node_modules\cors\lib\index.js:199:9)
    at corsMiddleware (D:\LES\express\node_modules\cors\lib\index.js:204:7)
    at Layer.handleRequest (D:\LES\express\node_modules\router\lib\layer.js:152:17)
    at trimPrefix (D:\LES\express\node_modules\router\index.js:342:13)
    at D:\LES\express\node_modules\router\index.js:297:9
    at processParams (D:\LES\express\node_modules\router\index.js:582:12)
    at next (D:\LES\express\node_modules\router\index.js:291:5)
    at jsonParser (D:\LES\express\node_modules\body-parser\lib\types\json.js:100:7)
2025-08-26 18:32:24 [ERROR]: Error: Not allowed by CORS
    at origin (file:///D:/LES/express/src/app.js:21:23)
    at D:\LES\express\node_modules\cors\lib\index.js:219:13
    at optionsCallback (D:\LES\express\node_modules\cors\lib\index.js:199:9)
    at corsMiddleware (D:\LES\express\node_modules\cors\lib\index.js:204:7)
    at Layer.handleRequest (D:\LES\express\node_modules\router\lib\layer.js:152:17)
    at trimPrefix (D:\LES\express\node_modules\router\index.js:342:13)
    at D:\LES\express\node_modules\router\index.js:297:9
    at processParams (D:\LES\express\node_modules\router\index.js:582:12)
    at next (D:\LES\express\node_modules\router\index.js:291:5)
    at jsonParser (D:\LES\express\node_modules\body-parser\lib\types\json.js:100:7)
2025-08-26 18:33:05 [ERROR]: Error: Not allowed by CORS
    at origin (file:///D:/LES/express/src/app.js:21:23)
    at D:\LES\express\node_modules\cors\lib\index.js:219:13
    at optionsCallback (D:\LES\express\node_modules\cors\lib\index.js:199:9)
    at corsMiddleware (D:\LES\express\node_modules\cors\lib\index.js:204:7)
    at Layer.handleRequest (D:\LES\express\node_modules\router\lib\layer.js:152:17)
    at trimPrefix (D:\LES\express\node_modules\router\index.js:342:13)
    at D:\LES\express\node_modules\router\index.js:297:9
    at processParams (D:\LES\express\node_modules\router\index.js:582:12)
    at next (D:\LES\express\node_modules\router\index.js:291:5)
    at jsonParser (D:\LES\express\node_modules\body-parser\lib\types\json.js:100:7)
2025-08-26 18:34:40 [ERROR]: Error: Not allowed by CORS
    at origin (file:///D:/LES/express/src/app.js:21:23)
    at D:\LES\express\node_modules\cors\lib\index.js:219:13
    at optionsCallback (D:\LES\express\node_modules\cors\lib\index.js:199:9)
    at corsMiddleware (D:\LES\express\node_modules\cors\lib\index.js:204:7)
    at Layer.handleRequest (D:\LES\express\node_modules\router\lib\layer.js:152:17)
    at trimPrefix (D:\LES\express\node_modules\router\index.js:342:13)
    at D:\LES\express\node_modules\router\index.js:297:9
    at processParams (D:\LES\express\node_modules\router\index.js:582:12)
    at next (D:\LES\express\node_modules\router\index.js:291:5)
    at jsonParser (D:\LES\express\node_modules\body-parser\lib\types\json.js:100:7)
2025-08-26 18:34:45 [ERROR]: Error: Not allowed by CORS
    at origin (file:///D:/LES/express/src/app.js:21:23)
    at D:\LES\express\node_modules\cors\lib\index.js:219:13
    at optionsCallback (D:\LES\express\node_modules\cors\lib\index.js:199:9)
    at corsMiddleware (D:\LES\express\node_modules\cors\lib\index.js:204:7)
    at Layer.handleRequest (D:\LES\express\node_modules\router\lib\layer.js:152:17)
    at trimPrefix (D:\LES\express\node_modules\router\index.js:342:13)
    at D:\LES\express\node_modules\router\index.js:297:9
    at processParams (D:\LES\express\node_modules\router\index.js:582:12)
    at next (D:\LES\express\node_modules\router\index.js:291:5)
    at jsonParser (D:\LES\express\node_modules\body-parser\lib\types\json.js:100:7)
2025-08-26 18:39:23 [ERROR]: Error: Not allowed by CORS
    at origin (file:///D:/LES/express/src/app.js:21:23)
    at D:\LES\express\node_modules\cors\lib\index.js:219:13
    at optionsCallback (D:\LES\express\node_modules\cors\lib\index.js:199:9)
    at corsMiddleware (D:\LES\express\node_modules\cors\lib\index.js:204:7)
    at Layer.handleRequest (D:\LES\express\node_modules\router\lib\layer.js:152:17)
    at trimPrefix (D:\LES\express\node_modules\router\index.js:342:13)
    at D:\LES\express\node_modules\router\index.js:297:9
    at processParams (D:\LES\express\node_modules\router\index.js:582:12)
    at next (D:\LES\express\node_modules\router\index.js:291:5)
    at jsonParser (D:\LES\express\node_modules\body-parser\lib\types\json.js:100:7)
2025-08-26 18:40:00 [ERROR]: Error: Not allowed by CORS
    at origin (file:///D:/LES/express/src/app.js:21:23)
    at D:\LES\express\node_modules\cors\lib\index.js:219:13
    at optionsCallback (D:\LES\express\node_modules\cors\lib\index.js:199:9)
    at corsMiddleware (D:\LES\express\node_modules\cors\lib\index.js:204:7)
    at Layer.handleRequest (D:\LES\express\node_modules\router\lib\layer.js:152:17)
    at trimPrefix (D:\LES\express\node_modules\router\index.js:342:13)
    at D:\LES\express\node_modules\router\index.js:297:9
    at processParams (D:\LES\express\node_modules\router\index.js:582:12)
    at next (D:\LES\express\node_modules\router\index.js:291:5)
    at jsonParser (D:\LES\express\node_modules\body-parser\lib\types\json.js:100:7)
2025-08-26 18:52:06 [ERROR]: Error: Not allowed by CORS
    at origin (file:///D:/LES/express/src/app.js:21:23)
    at D:\LES\express\node_modules\cors\lib\index.js:219:13
    at optionsCallback (D:\LES\express\node_modules\cors\lib\index.js:199:9)
    at corsMiddleware (D:\LES\express\node_modules\cors\lib\index.js:204:7)
    at Layer.handleRequest (D:\LES\express\node_modules\router\lib\layer.js:152:17)
    at trimPrefix (D:\LES\express\node_modules\router\index.js:342:13)
    at D:\LES\express\node_modules\router\index.js:297:9
    at processParams (D:\LES\express\node_modules\router\index.js:582:12)
    at next (D:\LES\express\node_modules\router\index.js:291:5)
    at jsonParser (D:\LES\express\node_modules\body-parser\lib\types\json.js:100:7)
2025-08-26 18:52:21 [ERROR]: Error: Not allowed by CORS
    at origin (file:///D:/LES/express/src/app.js:21:23)
    at D:\LES\express\node_modules\cors\lib\index.js:219:13
    at optionsCallback (D:\LES\express\node_modules\cors\lib\index.js:199:9)
    at corsMiddleware (D:\LES\express\node_modules\cors\lib\index.js:204:7)
    at Layer.handleRequest (D:\LES\express\node_modules\router\lib\layer.js:152:17)
    at trimPrefix (D:\LES\express\node_modules\router\index.js:342:13)
    at D:\LES\express\node_modules\router\index.js:297:9
    at processParams (D:\LES\express\node_modules\router\index.js:582:12)
    at next (D:\LES\express\node_modules\router\index.js:291:5)
    at jsonParser (D:\LES\express\node_modules\body-parser\lib\types\json.js:100:7)
2025-08-26 18:53:29 [ERROR]: Error: Not allowed by CORS
    at origin (file:///D:/LES/express/src/app.js:21:23)
    at D:\LES\express\node_modules\cors\lib\index.js:219:13
    at optionsCallback (D:\LES\express\node_modules\cors\lib\index.js:199:9)
    at corsMiddleware (D:\LES\express\node_modules\cors\lib\index.js:204:7)
    at Layer.handleRequest (D:\LES\express\node_modules\router\lib\layer.js:152:17)
    at trimPrefix (D:\LES\express\node_modules\router\index.js:342:13)
    at D:\LES\express\node_modules\router\index.js:297:9
    at processParams (D:\LES\express\node_modules\router\index.js:582:12)
    at next (D:\LES\express\node_modules\router\index.js:291:5)
    at jsonParser (D:\LES\express\node_modules\body-parser\lib\types\json.js:100:7)
2025-08-26 18:53:38 [ERROR]: Error: Not allowed by CORS
    at origin (file:///D:/LES/express/src/app.js:21:23)
    at D:\LES\express\node_modules\cors\lib\index.js:219:13
    at optionsCallback (D:\LES\express\node_modules\cors\lib\index.js:199:9)
    at corsMiddleware (D:\LES\express\node_modules\cors\lib\index.js:204:7)
    at Layer.handleRequest (D:\LES\express\node_modules\router\lib\layer.js:152:17)
    at trimPrefix (D:\LES\express\node_modules\router\index.js:342:13)
    at D:\LES\express\node_modules\router\index.js:297:9
    at processParams (D:\LES\express\node_modules\router\index.js:582:12)
    at next (D:\LES\express\node_modules\router\index.js:291:5)
    at jsonParser (D:\LES\express\node_modules\body-parser\lib\types\json.js:100:7)
2025-08-26 18:53:43 [ERROR]: Error: Not allowed by CORS
    at origin (file:///D:/LES/express/src/app.js:21:23)
    at D:\LES\express\node_modules\cors\lib\index.js:219:13
    at optionsCallback (D:\LES\express\node_modules\cors\lib\index.js:199:9)
    at corsMiddleware (D:\LES\express\node_modules\cors\lib\index.js:204:7)
    at Layer.handleRequest (D:\LES\express\node_modules\router\lib\layer.js:152:17)
    at trimPrefix (D:\LES\express\node_modules\router\index.js:342:13)
    at D:\LES\express\node_modules\router\index.js:297:9
    at processParams (D:\LES\express\node_modules\router\index.js:582:12)
    at next (D:\LES\express\node_modules\router\index.js:291:5)
    at jsonParser (D:\LES\express\node_modules\body-parser\lib\types\json.js:100:7)
2025-08-26 18:57:27 [ERROR]: Error: Invalid credentials
    at S_login (file:///D:/LES/express/src/api/auth/auth.services.js:20:11)
    at process.processTicksAndRejections (node:internal/process/task_queues:105:5)
    at async C_login (file:///D:/LES/express/src/api/auth/auth.controller.js:13:19)
2025-08-26 18:59:17 [ERROR]: ZodError: [
  {
    "origin": "string",
    "code": "too_small",
    "minimum": 1,
    "inclusive": true,
    "path": [
      "username"
    ],
    "message": "Username harus diisi"
  }
]
    at C_login (file:///D:/LES/express/src/api/auth/auth.controller.js:10:46)
    at Layer.handleRequest (D:\LES\express\node_modules\router\lib\layer.js:152:17)
    at next (D:\LES\express\node_modules\router\lib\route.js:157:13)
    at Route.dispatch (D:\LES\express\node_modules\router\lib\route.js:117:3)
    at handle (D:\LES\express\node_modules\router\index.js:435:11)
    at Layer.handleRequest (D:\LES\express\node_modules\router\lib\layer.js:152:17)
    at D:\LES\express\node_modules\router\index.js:295:15
    at processParams (D:\LES\express\node_modules\router\index.js:582:12)
    at next (D:\LES\express\node_modules\router\index.js:291:5)
    at Function.handle (D:\LES\express\node_modules\router\index.js:186:3)
2025-08-28 18:20:08 [ERROR]: Error: Invalid credentials
    at S_login (file:///D:/LES/express/src/api/auth/auth.services.js:20:11)
    at process.processTicksAndRejections (node:internal/process/task_queues:105:5)
    at async C_login (file:///D:/LES/express/src/api/auth/auth.controller.js:13:19)
2025-08-28 18:20:10 [ERROR]: Error: Invalid credentials
    at S_login (file:///D:/LES/express/src/api/auth/auth.services.js:20:11)
    at process.processTicksAndRejections (node:internal/process/task_queues:105:5)
    at async C_login (file:///D:/LES/express/src/api/auth/auth.controller.js:13:19)
2025-08-28 19:04:32 [ERROR]: error: null value in column "username" of relation "master_user" violates not-null constraint
    at D:\LES\express\node_modules\pg-pool\index.js:45:11
    at process.processTicksAndRejections (node:internal/process/task_queues:105:5)
    at async M_register (file:///D:/LES/express/src/api/auth/auth.model.js:24:20)
    at async S_register (file:///D:/LES/express/src/api/auth/auth.services.js:32:16)
    at async C_register (file:///D:/LES/express/src/api/auth/auth.controller.js:92:16)
2025-08-28 19:09:02 [ERROR]: error: null value in column "username" of relation "master_user" violates not-null constraint
    at D:\LES\express\node_modules\pg-pool\index.js:45:11
    at process.processTicksAndRejections (node:internal/process/task_queues:105:5)
    at async M_register (file:///D:/LES/express/src/api/auth/auth.model.js:24:20)
    at async S_register (file:///D:/LES/express/src/api/auth/auth.services.js:32:16)
    at async C_register (file:///D:/LES/express/src/api/auth/auth.controller.js:92:16)
2025-08-28 19:11:16 [ERROR]: error: null value in column "username" of relation "master_user" violates not-null constraint
    at D:\LES\express\node_modules\pg-pool\index.js:45:11
    at process.processTicksAndRejections (node:internal/process/task_queues:105:5)
    at async M_register (file:///D:/LES/express/src/api/auth/auth.model.js:24:20)
    at async S_register (file:///D:/LES/express/src/api/auth/auth.services.js:32:16)
    at async C_register (file:///D:/LES/express/src/api/auth/auth.controller.js:92:16)
2025-08-28 19:12:01 [ERROR]: error: null value in column "username" of relation "master_user" violates not-null constraint
    at D:\LES\express\node_modules\pg-pool\index.js:45:11
    at process.processTicksAndRejections (node:internal/process/task_queues:105:5)
    at async M_register (file:///D:/LES/express/src/api/auth/auth.model.js:24:20)
    at async S_register (file:///D:/LES/express/src/api/auth/auth.services.js:32:16)
    at async C_register (file:///D:/LES/express/src/api/auth/auth.controller.js:92:16)
2025-08-28 19:12:21 [ERROR]: error: null value in column "username" of relation "master_user" violates not-null constraint
    at D:\LES\express\node_modules\pg-pool\index.js:45:11
    at process.processTicksAndRejections (node:internal/process/task_queues:105:5)
    at async M_register (file:///D:/LES/express/src/api/auth/auth.model.js:24:20)
    at async S_register (file:///D:/LES/express/src/api/auth/auth.services.js:32:16)
    at async C_register (file:///D:/LES/express/src/api/auth/auth.controller.js:92:16)
2025-08-28 19:13:39 [ERROR]: error: null value in column "username" of relation "master_user" violates not-null constraint
    at D:\LES\express\node_modules\pg-pool\index.js:45:11
    at process.processTicksAndRejections (node:internal/process/task_queues:105:5)
    at async M_register (file:///D:/LES/express/src/api/auth/auth.model.js:24:20)
    at async S_register (file:///D:/LES/express/src/api/auth/auth.services.js:32:16)
    at async C_register (file:///D:/LES/express/src/api/auth/auth.controller.js:92:16)
2025-08-28 19:14:51 [ERROR]: error: null value in column "username" of relation "master_user" violates not-null constraint
    at D:\LES\express\node_modules\pg-pool\index.js:45:11
    at process.processTicksAndRejections (node:internal/process/task_queues:105:5)
    at async M_register (file:///D:/LES/express/src/api/auth/auth.model.js:24:20)
    at async S_register (file:///D:/LES/express/src/api/auth/auth.services.js:32:16)
    at async C_register (file:///D:/LES/express/src/api/auth/auth.controller.js:93:16)
2025-08-28 19:29:53 [ERROR]: error: duplicate key value violates unique constraint "master_user_username_key"
    at D:\LES\express\node_modules\pg-pool\index.js:45:11
    at process.processTicksAndRejections (node:internal/process/task_queues:105:5)
    at async M_register (file:///D:/LES/express/src/api/auth/auth.model.js:24:20)
    at async S_register (file:///D:/LES/express/src/api/auth/auth.services.js:32:16)
    at async C_register (file:///D:/LES/express/src/api/auth/auth.controller.js:92:16)
2025-08-28 19:42:03 [ERROR]: error: duplicate key value violates unique constraint "master_user_username_key"
    at D:\LES\express\node_modules\pg-pool\index.js:45:11
    at process.processTicksAndRejections (node:internal/process/task_queues:105:5)
    at async M_register (file:///D:/LES/express/src/api/auth/auth.model.js:24:20)
    at async S_register (file:///D:/LES/express/src/api/auth/auth.services.js:32:16)
    at async C_register (file:///D:/LES/express/src/api/auth/auth.controller.js:92:16)
2025-08-29 17:42:08 [ERROR]: error: duplicate key value violates unique constraint "master_user_username_key"
    at D:\LES\express\node_modules\pg-pool\index.js:45:11
    at process.processTicksAndRejections (node:internal/process/task_queues:105:5)
    at async M_register (file:///D:/LES/express/src/api/auth/auth.model.js:24:20)
    at async S_register (file:///D:/LES/express/src/api/auth/auth.services.js:32:16)
    at async C_register (file:///D:/LES/express/src/api/auth/auth.controller.js:92:16)
2025-08-29 17:42:10 [ERROR]: error: duplicate key value violates unique constraint "master_user_username_key"
    at D:\LES\express\node_modules\pg-pool\index.js:45:11
    at process.processTicksAndRejections (node:internal/process/task_queues:105:5)
    at async M_register (file:///D:/LES/express/src/api/auth/auth.model.js:24:20)
    at async S_register (file:///D:/LES/express/src/api/auth/auth.services.js:32:16)
    at async C_register (file:///D:/LES/express/src/api/auth/auth.controller.js:92:16)
2025-08-29 18:19:37 [ERROR]: error: duplicate key value violates unique constraint "master_user_username_key"
    at D:\LES\express\node_modules\pg-pool\index.js:45:11
    at process.processTicksAndRejections (node:internal/process/task_queues:105:5)
    at async M_register (file:///D:/LES/express/src/api/auth/auth.model.js:24:20)
    at async S_register (file:///D:/LES/express/src/api/auth/auth.services.js:32:16)
    at async C_register (file:///D:/LES/express/src/api/auth/auth.controller.js:92:16)
2025-08-29 18:24:34 [ERROR]: error: duplicate key value violates unique constraint "master_user_username_key"
    at D:\LES\express\node_modules\pg-pool\index.js:45:11
    at process.processTicksAndRejections (node:internal/process/task_queues:105:5)
    at async M_register (file:///D:/LES/express/src/api/auth/auth.model.js:24:20)
    at async S_register (file:///D:/LES/express/src/api/auth/auth.services.js:32:16)
    at async C_register (file:///D:/LES/express/src/api/auth/auth.controller.js:92:16)
2025-08-29 18:45:43 [ERROR]: error: duplicate key value violates unique constraint "master_user_username_key"
    at D:\LES\express\node_modules\pg-pool\index.js:45:11
    at process.processTicksAndRejections (node:internal/process/task_queues:105:5)
    at async M_register (file:///D:/LES/express/src/api/auth/auth.model.js:24:20)
    at async S_register (file:///D:/LES/express/src/api/auth/auth.services.js:32:16)
    at async C_register (file:///D:/LES/express/src/api/auth/auth.controller.js:92:16)
2025-09-20 15:29:32 [ERROR]: Error: Invalid credentials
    at S_login (file:///D:/LES/express/src/api/auth/auth.services.js:26:11)
    at async C_login (file:///D:/LES/express/src/api/auth/auth.controller.js:13:19)
2025-09-20 15:29:33 [ERROR]: Error: Invalid credentials
    at S_login (file:///D:/LES/express/src/api/auth/auth.services.js:26:11)
    at async C_login (file:///D:/LES/express/src/api/auth/auth.controller.js:13:19)
2025-09-20 15:30:56 [ERROR]: Error: Invalid credentials
    at S_login (file:///D:/LES/express/src/api/auth/auth.services.js:26:11)
    at async C_login (file:///D:/LES/express/src/api/auth/auth.controller.js:13:19)
2025-09-20 15:30:57 [ERROR]: Error: Invalid credentials
    at S_login (file:///D:/LES/express/src/api/auth/auth.services.js:26:11)
    at async C_login (file:///D:/LES/express/src/api/auth/auth.controller.js:13:19)
2025-09-20 15:30:58 [ERROR]: Error: Invalid credentials
    at S_login (file:///D:/LES/express/src/api/auth/auth.services.js:26:11)
    at async C_login (file:///D:/LES/express/src/api/auth/auth.controller.js:13:19)
2025-09-20 15:32:17 [ERROR]: Error: Invalid credentials
    at S_login (file:///D:/LES/express/src/api/auth/auth.services.js:26:11)
    at async C_login (file:///D:/LES/express/src/api/auth/auth.controller.js:13:19)
2025-09-20 15:32:18 [ERROR]: Error: Invalid credentials
    at S_login (file:///D:/LES/express/src/api/auth/auth.services.js:26:11)
    at async C_login (file:///D:/LES/express/src/api/auth/auth.controller.js:13:19)
2025-09-20 15:32:18 [ERROR]: Error: Invalid credentials
    at S_login (file:///D:/LES/express/src/api/auth/auth.services.js:26:11)
    at async C_login (file:///D:/LES/express/src/api/auth/auth.controller.js:13:19)
2025-09-20 15:32:18 [ERROR]: Error: Invalid credentials
    at S_login (file:///D:/LES/express/src/api/auth/auth.services.js:26:11)
    at async C_login (file:///D:/LES/express/src/api/auth/auth.controller.js:13:19)
2025-09-20 15:32:19 [ERROR]: Error: Invalid credentials
    at S_login (file:///D:/LES/express/src/api/auth/auth.services.js:26:11)
    at async C_login (file:///D:/LES/express/src/api/auth/auth.controller.js:13:19)
2025-09-20 15:32:20 [ERROR]: Error: Invalid credentials
    at S_login (file:///D:/LES/express/src/api/auth/auth.services.js:26:11)
    at async C_login (file:///D:/LES/express/src/api/auth/auth.controller.js:13:19)
2025-10-21 21:02:34 [ERROR]: ZodError: [
  {
    "expected": "object",
    "code": "invalid_type",
    "path": [],
    "message": "Invalid input: expected object, received undefined"
  }
]
    at C_login (file:///D:/Semester%205/Manajemen%20Proyek%20Sistem%20Informasi/express/src/api/auth/auth.controller.js:10:46)
    at Layer.handleRequest (D:\Semester 5\Manajemen Proyek Sistem Informasi\express\node_modules\router\lib\layer.js:152:17)
    at next (D:\Semester 5\Manajemen Proyek Sistem Informasi\express\node_modules\router\lib\route.js:157:13)
    at Route.dispatch (D:\Semester 5\Manajemen Proyek Sistem Informasi\express\node_modules\router\lib\route.js:117:3)
    at handle (D:\Semester 5\Manajemen Proyek Sistem Informasi\express\node_modules\router\index.js:435:11)
    at Layer.handleRequest (D:\Semester 5\Manajemen Proyek Sistem Informasi\express\node_modules\router\lib\layer.js:152:17)
    at D:\Semester 5\Manajemen Proyek Sistem Informasi\express\node_modules\router\index.js:295:15
    at processParams (D:\Semester 5\Manajemen Proyek Sistem Informasi\express\node_modules\router\index.js:582:12)
    at next (D:\Semester 5\Manajemen Proyek Sistem Informasi\express\node_modules\router\index.js:291:5)
    at Function.handle (D:\Semester 5\Manajemen Proyek Sistem Informasi\express\node_modules\router\index.js:186:3)
2025-10-21 21:05:00 [ERROR]: ZodError: [
  {
    "expected": "string",
    "code": "invalid_type",
    "path": [
      "username"
    ],
    "message": "Invalid input: expected string, received undefined"
  }
]
    at C_login (file:///D:/Semester%205/Manajemen%20Proyek%20Sistem%20Informasi/express/src/api/auth/auth.controller.js:10:46)
    at Layer.handleRequest (D:\Semester 5\Manajemen Proyek Sistem Informasi\express\node_modules\router\lib\layer.js:152:17)
    at next (D:\Semester 5\Manajemen Proyek Sistem Informasi\express\node_modules\router\lib\route.js:157:13)
    at Route.dispatch (D:\Semester 5\Manajemen Proyek Sistem Informasi\express\node_modules\router\lib\route.js:117:3)
    at handle (D:\Semester 5\Manajemen Proyek Sistem Informasi\express\node_modules\router\index.js:435:11)
    at Layer.handleRequest (D:\Semester 5\Manajemen Proyek Sistem Informasi\express\node_modules\router\lib\layer.js:152:17)
    at D:\Semester 5\Manajemen Proyek Sistem Informasi\express\node_modules\router\index.js:295:15
    at processParams (D:\Semester 5\Manajemen Proyek Sistem Informasi\express\node_modules\router\index.js:582:12)
    at next (D:\Semester 5\Manajemen Proyek Sistem Informasi\express\node_modules\router\index.js:291:5)
    at Function.handle (D:\Semester 5\Manajemen Proyek Sistem Informasi\express\node_modules\router\index.js:186:3)
2025-10-21 21:18:23 [ERROR]: error: relation "master_user" does not exist
    at D:\Semester 5\Manajemen Proyek Sistem Informasi\express\node_modules\pg-pool\index.js:45:11
    at process.processTicksAndRejections (node:internal/process/task_queues:105:5)
    at async M_login (file:///D:/Semester%205/Manajemen%20Proyek%20Sistem%20Informasi/express/src/api/auth/auth.model.js:11:20)
    at async S_login (file:///D:/Semester%205/Manajemen%20Proyek%20Sistem%20Informasi/express/src/api/auth/auth.services.js:18:16)
    at async C_login (file:///D:/Semester%205/Manajemen%20Proyek%20Sistem%20Informasi/express/src/api/auth/auth.controller.js:13:19)
2025-10-21 21:25:08 [ERROR]: error: relation "master_user" does not exist
    at D:\Semester 5\Manajemen Proyek Sistem Informasi\express\node_modules\pg-pool\index.js:45:11
    at process.processTicksAndRejections (node:internal/process/task_queues:105:5)
    at async M_login (file:///D:/Semester%205/Manajemen%20Proyek%20Sistem%20Informasi/express/src/api/auth/auth.model.js:11:20)
    at async S_login (file:///D:/Semester%205/Manajemen%20Proyek%20Sistem%20Informasi/express/src/api/auth/auth.services.js:18:16)
    at async C_login (file:///D:/Semester%205/Manajemen%20Proyek%20Sistem%20Informasi/express/src/api/auth/auth.controller.js:13:19)
2025-10-21 21:25:10 [ERROR]: error: relation "master_user" does not exist
    at D:\Semester 5\Manajemen Proyek Sistem Informasi\express\node_modules\pg-pool\index.js:45:11
    at process.processTicksAndRejections (node:internal/process/task_queues:105:5)
    at async M_login (file:///D:/Semester%205/Manajemen%20Proyek%20Sistem%20Informasi/express/src/api/auth/auth.model.js:11:20)
    at async S_login (file:///D:/Semester%205/Manajemen%20Proyek%20Sistem%20Informasi/express/src/api/auth/auth.services.js:18:16)
    at async C_login (file:///D:/Semester%205/Manajemen%20Proyek%20Sistem%20Informasi/express/src/api/auth/auth.controller.js:13:19)
